{"SW52ZXJzaW9uU29sdXRpb25Ocm1sOjEyMDg3NA==:RmlsZToxMzA3MTM=": "T3BlbnF1YWtlSGF6YXJkU29sdXRpb246MTI5NDg0", "SW52ZXJzaW9uU29sdXRpb25Ocm1sOjEyMDk1NQ==:RmlsZToxMzA3Mjg=": "T3BlbnF1YWtlSGF6YXJkU29sdXRpb246MTI5NDUx", "SW52ZXJzaW9uU29sdXRpb25Ocm1sOjExODcyMw==:RmlsZToxMzA3NTQ=": "T3BlbnF1YWtlSGF6YXJkU29sdXRpb246MTI5MzQ0", "SW52ZXJzaW9uU29sdXRpb25Ocm1sOjEyMDkxMQ==:RmlsZToxMzA3MTA=": "T3BlbnF1YWtlSGF6YXJkU29sdXRpb246MTI5NDcy", "SW52ZXJzaW9uU29sdXRpb25Ocm1sOjEyMDg4MQ==:RmlsZToxMzA3MjU=": "T3BlbnF1YWtlSGF6YXJkU29sdXRpb246MTI5NDY5", "SW52ZXJzaW9uU29sdXRpb25Ocm1sOjExODcyOQ==:RmlsZToxMzA3NTU=": "T3BlbnF1YWtlSGF6YXJkU29sdXRpb246MTI5MzQy", "SW52ZXJzaW9uU29sdXRpb25Ocm1sOjExNDQwOQ==:RmlsZToxMzA3NDg=": "T3BlbnF1YWtlSGF6YXJkU29sdXRpb246MTI5Mzgz", "SW52ZXJzaW9uU29sdXRpb25Ocm1sOjEyMDkxMg==:RmlsZToxMzA3Mjg=": "T3BlbnF1YWtlSGF6YXJkU29sdXRpb246MTI5NDUw", "SW52ZXJzaW9uU29sdXRpb25Ocm1sOjEyMDk2Mw==:RmlsZToxMzA3MTA=": "T3BlbnF1YWtlSGF6YXJkU29sdXRpb246MTI5NDky", "SW52ZXJzaW9uU29sdXRpb25Ocm1sOjEyMDk1Mw==:RmlsZToxMzA3MTY=": "T3BlbnF1YWtlSGF6YXJkU29sdXRpb246MTI5NDQ5", "SW52ZXJzaW9uU29sdXRpb25Ocm1sOjEyMDkwNA==:RmlsZToxMzA3MTM=": "T3BlbnF1YWtlSGF6YXJkU29sdXRpb246MTI5NDc0", "SW52ZXJzaW9uU29sdXRpb25Ocm1sOjEyMDg4OQ==:RmlsZToxMzA3MTk=": "T3BlbnF1YWtlSGF6YXJkU29sdXRpb246MTI5NDU4", "SW52ZXJzaW9uU29sdXRpb25Ocm1sOjEyMDg5Nw==:RmlsZToxMzA3MTA=": "T3BlbnF1YWtlSGF6YXJkU29sdXRpb246MTI5NDg5", "SW52ZXJzaW9uU29sdXRpb25Ocm1sOjEyMDg5Mw==:RmlsZToxMzA3MTY=": "T3BlbnF1YWtlSGF6YXJkU29sdXRpb246MTI5NDc2", "SW52ZXJzaW9uU29sdXRpb25Ocm1sOjEyMDk1NA==:RmlsZToxMzA3MjI=": "T3BlbnF1YWtlSGF6YXJkU29sdXRpb246MTI5NDY0", "SW52ZXJzaW9uU29sdXRpb25Ocm1sOjExODcxNw==:RmlsZToxMzA3NTM=": "T3BlbnF1YWtlSGF6YXJkU29sdXRpb246MTI5MzQz", "SW52ZXJzaW9uU29sdXRpb25Ocm1sOjExNDQwNg==:RmlsZToxMzA3NDY=": "T3BlbnF1YWtlSGF6YXJkU29sdXRpb246MTI5Mzgy", "SW52ZXJzaW9uU29sdXRpb25Ocm1sOjExNDQyOQ==:RmlsZToxMzA3MzY=": "T3BlbnF1YWtlSGF6YXJkU29sdXRpb246MTI5Mzk1", "SW52ZXJzaW9uU29sdXRpb25Ocm1sOjEyMDkxNw==:RmlsZToxMzA3MTY=": "T3BlbnF1YWtlSGF6YXJkU29sdXRpb246MTI5NDYz", "SW52ZXJzaW9uU29sdXRpb25Ocm1sOjExNDQyOA==:RmlsZToxMzA3MzI=": "T3BlbnF1YWtlSGF6YXJkU29sdXRpb246MTI5Mzk2", "SW52ZXJzaW9uU29sdXRpb25Ocm1sOjEyMDk2Nw==:RmlsZToxMzA3MTk=": "T3BlbnF1YWtlSGF6YXJkU29sdXRpb246MTI5NDgz", "SW52ZXJzaW9uU29sdXRpb25Ocm1sOjEyMDkwOA==:RmlsZToxMzA3MjI=": "T3BlbnF1YWtlSGF6YXJkU29sdXRpb246MTI5NDY2", "SW52ZXJzaW9uU29sdXRpb25Ocm1sOjEyMDk3Mw==:RmlsZToxMzA3MjU=": "T3BlbnF1YWtlSGF6YXJkU29sdXRpb246MTI5NDc1", "SW52ZXJzaW9uU29sdXRpb25Ocm1sOjEyMDk2NQ==:RmlsZToxMzA3MDc=": "T3BlbnF1YWtlSGF6YXJkU29sdXRpb246MTI5NDcw", "SW52ZXJzaW9uU29sdXRpb25Ocm1sOjEyMDkwNg==:RmlsZToxMzA3MTk=": "T3BlbnF1YWtlSGF6YXJkU29sdXRpb246MTI5NDkz", "SW52ZXJzaW9uU29sdXRpb25Ocm1sOjEyMDkxMw==:RmlsZToxMzA3MjU=": "T3BlbnF1YWtlSGF6YXJkU29sdXRpb246MTI5NDYx", "SW52ZXJzaW9uU29sdXRpb25Ocm1sOjEyMDg5Mg==:RmlsZToxMzA3Mjg=": "T3BlbnF1YWtlSGF6YXJkU29sdXRpb246MTI5NDcx", "SW52ZXJzaW9uU29sdXRpb25Ocm1sOjEyMDg4Ng==:RmlsZToxMzA3MDc=": "T3BlbnF1YWtlSGF6YXJkU29sdXRpb246MTI5NDc4", "SW52ZXJzaW9uU29sdXRpb25Ocm1sOjExNDQxNg==:RmlsZToxMzA3NDI=": "T3BlbnF1YWtlSGF6YXJkU29sdXRpb246MTI5Mzg3", "SW52ZXJzaW9uU29sdXRpb25Ocm1sOjEyMDkyNA==:RmlsZToxMzA3MzE=": "T3BlbnF1YWtlSGF6YXJkU29sdXRpb246MTI5NDYy", "SW52ZXJzaW9uU29sdXRpb25Ocm1sOjExNDQxMw==:RmlsZToxMzA3NDA=": "T3BlbnF1YWtlSGF6YXJkU29sdXRpb246MTI5Mzg1", "SW52ZXJzaW9uU29sdXRpb25Ocm1sOjExNDQyNA==:RmlsZToxMzA3Mzg=": "T3BlbnF1YWtlSGF6YXJkU29sdXRpb246MTI5Mzg2", "SW52ZXJzaW9uU29sdXRpb25Ocm1sOjEyMDg4Mg==:RmlsZToxMzA3MzE=": "T3BlbnF1YWtlSGF6YXJkU29sdXRpb246MTI5NDY3", "SW52ZXJzaW9uU29sdXRpb25Ocm1sOjEyMDk1Ng==:RmlsZToxMzA3MTM=": "T3BlbnF1YWtlSGF6YXJkU29sdXRpb246MTI5NDY1", "SW52ZXJzaW9uU29sdXRpb25Ocm1sOjEyMDg5OA==:RmlsZToxMzA3MDc=": "T3BlbnF1YWtlSGF6YXJkU29sdXRpb246MTI5NDY4", "SW52ZXJzaW9uU29sdXRpb25Ocm1sOjEyMDg3MQ==:RmlsZToxMzA3MjI=": "T3BlbnF1YWtlSGF6YXJkU29sdXRpb246MTI5NDcz", "SW52ZXJzaW9uU29sdXRpb25Ocm1sOjExNDQxNw==:RmlsZToxMzA3MzQ=": "T3BlbnF1YWtlSGF6YXJkU29sdXRpb246MTI5Mzk0", "SW52ZXJzaW9uU29sdXRpb25Ocm1sOjExNDQxNA==:RmlsZToxMzA3NDQ=": "T3BlbnF1YWtlSGF6YXJkU29sdXRpb246MTI5Mzg0", ":RmlsZToxMjEwMzM=": "T3BlbnF1YWtlSGF6YXJkU29sdXRpb246MTI5NDE4", "SW52ZXJzaW9uU29sdXRpb25Ocm1sOjEyMDk0NA==:RmlsZToxMzA3MTk=": "T3BlbnF1YWtlSGF6YXJkU29sdXRpb246MTI5NDc3", "SW52ZXJzaW9uU29sdXRpb25Ocm1sOjEyMDkyNw==:RmlsZToxMzA3MTA=": "T3BlbnF1YWtlSGF6YXJkU29sdXRpb246MTI5NDQ4", "SW52ZXJzaW9uU29sdXRpb25Ocm1sOjEyMDkzMQ==:RmlsZToxMzA3Mjg=": "T3BlbnF1YWtlSGF6YXJkU29sdXRpb246MTI5NDk5", "SW52ZXJzaW9uU29sdXRpb25Ocm1sOjEyMDk3NA==:RmlsZToxMzA3MzE=": "T3BlbnF1YWtlSGF6YXJkU29sdXRpb246MTI5NDk1", "SW52ZXJzaW9uU29sdXRpb25Ocm1sOjEyMDkzMg==:RmlsZToxMzA3MTM=": "T3BlbnF1YWtlSGF6YXJkU29sdXRpb246MTI5NTAy", "SW52ZXJzaW9uU29sdXRpb25Ocm1sOjEyMDk1MQ==:RmlsZToxMzA3MTY=": "T3BlbnF1YWtlSGF6YXJkU29sdXRpb246MTI5NDk3", "SW52ZXJzaW9uU29sdXRpb25Ocm1sOjEyMDk0OA==:RmlsZToxMzA3MjI=": "T3BlbnF1YWtlSGF6YXJkU29sdXRpb246MTI5NDk0", "SW52ZXJzaW9uU29sdXRpb25Ocm1sOjEyMDk0Mw==:RmlsZToxMzA3MzE=": "T3BlbnF1YWtlSGF6YXJkU29sdXRpb246MTI5NDk4", "SW52ZXJzaW9uU29sdXRpb25Ocm1sOjEyMDkzNg==:RmlsZToxMzA3MDc=": "T3BlbnF1YWtlSGF6YXJkU29sdXRpb246MTI5NTAw", "SW52ZXJzaW9uU29sdXRpb25Ocm1sOjEyMDkzNA==:RmlsZToxMzA3MjU=": "T3BlbnF1YWtlSGF6YXJkU29sdXRpb246MTI5NDk2"}